// Jest Snapshot v1, https://goo.gl/fbAQLP

exports[`Snapshoot test renders component 1`] = `ShallowWrapper {}`;
